[2026-09-26 11:54:06] 32 batch da eseguire, al massimo 4 insieme
[2026-09-26 11:54:06] nyc_bm25_llama_agentic#stage1: inviato come 4a76429949d7441cb0d51720ccda2599 (100 domande)
[2026-09-26 11:54:06] nyc_dense_llama_agentic#stage1: inviato come ae8f56bd4d8a40468ff8ab2d8a469c55 (100 domande)
[2026-09-26 11:54:06] nyc_hybrid_llama_agentic#stage1: inviato come 662bd9acc20e4156ae2c30555d642dfe (100 domande)
[2026-09-26 11:54:06] nyc_rrf_llama_agentic#stage1: inviato come 4a5d177604b14d6b9dc131e9362af599 (100 domande)
[2026-09-26 11:54:06] in corso: nyc_bm25_llama_agentic#stage1, nyc_dense_llama_agentic#stage1, nyc_hybrid_llama_agentic#stage1, nyc_rrf_llama_agentic#stage1; in coda: 28; completati: 0
[2026-09-26 12:08:10] 32 batch da eseguire, al massimo 4 insieme
[2026-09-26 12:08:10] nyc_bm25_llama_agentic#stage1: inviato come 1ffd0a61e0204933913cde06347c8c72 (100 domande)
[2026-09-26 12:08:10] nyc_dense_llama_agentic#stage1: inviato come a27dfcfd5dd6485f9b813bd498807e41 (100 domande)
[2026-09-26 12:08:10] nyc_hybrid_llama_agentic#stage1: inviato come 400181f8dd1f4d2299d1ee8be1abfc0f (100 domande)
[2026-09-26 12:08:10] nyc_rrf_llama_agentic#stage1: inviato come 02b417139ae442c0bf4c5566b0d4120a (100 domande)
[2026-09-26 12:08:10] in corso: nyc_bm25_llama_agentic#stage1, nyc_dense_llama_agentic#stage1, nyc_hybrid_llama_agentic#stage1, nyc_rrf_llama_agentic#stage1; in coda: 28; completati: 0
[2026-09-26 12:19:50] 32 batch da eseguire, al massimo 4 insieme
[2026-09-26 12:19:50] nyc_bm25_llama_agentic#stage1: inviato come a32dc95f38d84801878ff4d47495b556 (100 domande)
[2026-09-26 12:19:50] nyc_dense_llama_agentic#stage1: inviato come 3ac276f96c35431eb1e2dcddcbd51a6a (100 domande)
[2026-09-26 12:19:50] nyc_hybrid_llama_agentic#stage1: inviato come 1206c702445248a08a1f531ad3b08ba9 (100 domande)
[2026-09-26 12:19:50] nyc_rrf_llama_agentic#stage1: inviato come a4b042ec3bd44951bbaa1b62cd9fec5e (100 domande)
[2026-09-26 12:19:50] in corso: nyc_bm25_llama_agentic#stage1, nyc_dense_llama_agentic#stage1, nyc_hybrid_llama_agentic#stage1, nyc_rrf_llama_agentic#stage1; in coda: 28; completati: 0
[2026-09-26 12:34:57] 32 batch da eseguire, al massimo 8 insieme
[2026-09-26 12:34:57] nyc_bm25_llama_agentic#stage1: riprendo il job in corso a32dc95f38d84801878ff4d47495b556
[2026-09-26 12:34:57] nyc_dense_llama_agentic#stage1: riprendo il job in corso 3ac276f96c35431eb1e2dcddcbd51a6a
[2026-09-26 12:34:57] nyc_hybrid_llama_agentic#stage1: riprendo il job in corso 1206c702445248a08a1f531ad3b08ba9
[2026-09-26 12:34:57] nyc_rrf_llama_agentic#stage1: riprendo il job in corso a4b042ec3bd44951bbaa1b62cd9fec5e
[2026-09-26 12:34:57] uk_bm25_llama_agentic#stage1: inviato come 4d0048034c2141b3adb71b6208214f70 (100 domande)
[2026-09-26 12:34:57] uk_dense_llama_agentic#stage1: inviato come 6538dc2f69494751acd9bb0384c7bdf8 (100 domande)
[2026-09-26 12:34:57] uk_hybrid_llama_agentic#stage1: inviato come 0926e174e7194e02b4c58bdaa597aed0 (100 domande)
[2026-09-26 12:34:57] uk_rrf_llama_agentic#stage1: inviato come f6408d0bccc14e9eaa022770070e4bbd (100 domande)
[2026-09-26 12:34:57] in corso: nyc_bm25_llama_agentic#stage1, nyc_dense_llama_agentic#stage1, nyc_hybrid_llama_agentic#stage1, nyc_rrf_llama_agentic#stage1, uk_bm25_llama_agentic#stage1, uk_dense_llama_agentic#stage1, uk_hybrid_llama_agentic#stage1, uk_rrf_llama_agentic#stage1; in coda: 24; completati: 0
[2026-09-26 19:55:52] nyc_bm25_llama_agentic#stage1: completato (100/100, 32 domande con errore)
[2026-09-26 19:55:52] nyc_bm25_gptoss_agentic#stage1: inviato come f32fbc45216c4f5c80ac1087071f7e1b (100 domande)
[2026-09-26 19:55:52] in corso: nyc_bm25_gptoss_agentic#stage1, nyc_dense_llama_agentic#stage1, nyc_hybrid_llama_agentic#stage1, nyc_rrf_llama_agentic#stage1, uk_bm25_llama_agentic#stage1, uk_dense_llama_agentic#stage1, uk_hybrid_llama_agentic#stage1, uk_rrf_llama_agentic#stage1; in coda: 23; completati: 1
[2026-09-26 20:17:53] uk_bm25_llama_agentic#stage1: completato (100/100, 28 domande con errore)
[2026-09-26 20:17:53] nyc_dense_gptoss_agentic#stage1: inviato come 26ae65e46cbc4336a60c0ab20c2bc087 (100 domande)
[2026-09-26 20:17:53] in corso: nyc_bm25_gptoss_agentic#stage1, nyc_dense_gptoss_agentic#stage1, nyc_dense_llama_agentic#stage1, nyc_hybrid_llama_agentic#stage1, nyc_rrf_llama_agentic#stage1, uk_dense_llama_agentic#stage1, uk_hybrid_llama_agentic#stage1, uk_rrf_llama_agentic#stage1; in coda: 22; completati: 2
[2026-09-26 21:27:58] nyc_hybrid_llama_agentic#stage1: completato (100/100, 29 domande con errore)
[2026-09-26 21:27:58] nyc_hybrid_gptoss_agentic#stage1: inviato come 92bd0319fd164b599dce50cb822af708 (100 domande)
[2026-09-26 21:27:58] in corso: nyc_bm25_gptoss_agentic#stage1, nyc_dense_gptoss_agentic#stage1, nyc_dense_llama_agentic#stage1, nyc_hybrid_gptoss_agentic#stage1, nyc_rrf_llama_agentic#stage1, uk_dense_llama_agentic#stage1, uk_hybrid_llama_agentic#stage1, uk_rrf_llama_agentic#stage1; in coda: 21; completati: 3
[2026-09-26 21:39:59] nyc_rrf_llama_agentic#stage1: completato (100/100, 27 domande con errore)
[2026-09-26 21:39:59] nyc_rrf_gptoss_agentic#stage1: inviato come 983f392c189f4eacbd91d88a03155557 (100 domande)
[2026-09-26 21:39:59] in corso: nyc_bm25_gptoss_agentic#stage1, nyc_dense_gptoss_agentic#stage1, nyc_dense_llama_agentic#stage1, nyc_hybrid_gptoss_agentic#stage1, nyc_rrf_gptoss_agentic#stage1, uk_dense_llama_agentic#stage1, uk_hybrid_llama_agentic#stage1, uk_rrf_llama_agentic#stage1; in coda: 20; completati: 4
[2026-09-26 21:47:29] nyc_dense_llama_agentic#stage1: completato (100/100, 28 domande con errore)
[2026-09-26 21:47:29] uk_bm25_gptoss_agentic#stage1: inviato come 19babe97520b4a52b7131db3e5a6c83f (100 domande)
[2026-09-26 21:47:29] in corso: nyc_bm25_gptoss_agentic#stage1, nyc_dense_gptoss_agentic#stage1, nyc_hybrid_gptoss_agentic#stage1, nyc_rrf_gptoss_agentic#stage1, uk_bm25_gptoss_agentic#stage1, uk_dense_llama_agentic#stage1, uk_hybrid_llama_agentic#stage1, uk_rrf_llama_agentic#stage1; in coda: 19; completati: 5
[2026-09-26 21:59:30] uk_hybrid_llama_agentic#stage1: completato (100/100, 23 domande con errore)
[2026-09-26 21:59:30] uk_dense_gptoss_agentic#stage1: inviato come 55b731f6a2d5463b9a277174b1d53469 (100 domande)
[2026-09-26 21:59:30] in corso: nyc_bm25_gptoss_agentic#stage1, nyc_dense_gptoss_agentic#stage1, nyc_hybrid_gptoss_agentic#stage1, nyc_rrf_gptoss_agentic#stage1, uk_bm25_gptoss_agentic#stage1, uk_dense_gptoss_agentic#stage1, uk_dense_llama_agentic#stage1, uk_rrf_llama_agentic#stage1; in coda: 18; completati: 6
[2026-09-26 22:02:30] uk_dense_llama_agentic#stage1: completato (100/100, 20 domande con errore)
[2026-09-26 22:02:30] uk_hybrid_gptoss_agentic#stage1: inviato come 39b922578b9449d7bc2c525455fa5126 (100 domande)
[2026-09-26 22:02:30] in corso: nyc_bm25_gptoss_agentic#stage1, nyc_dense_gptoss_agentic#stage1, nyc_hybrid_gptoss_agentic#stage1, nyc_rrf_gptoss_agentic#stage1, uk_bm25_gptoss_agentic#stage1, uk_dense_gptoss_agentic#stage1, uk_hybrid_gptoss_agentic#stage1, uk_rrf_llama_agentic#stage1; in coda: 17; completati: 7
[2026-09-26 22:14:31] uk_rrf_llama_agentic#stage1: completato (100/100, 18 domande con errore)
[2026-09-26 22:14:31] uk_rrf_gptoss_agentic#stage1: inviato come f883444d514d4e69a78773e6c40c1747 (100 domande)
[2026-09-26 22:14:31] in corso: nyc_bm25_gptoss_agentic#stage1, nyc_dense_gptoss_agentic#stage1, nyc_hybrid_gptoss_agentic#stage1, nyc_rrf_gptoss_agentic#stage1, uk_bm25_gptoss_agentic#stage1, uk_dense_gptoss_agentic#stage1, uk_hybrid_gptoss_agentic#stage1, uk_rrf_gptoss_agentic#stage1; in coda: 16; completati: 8
[2026-09-27 00:48:14] nyc_dense_gptoss_agentic#stage1: completato (100/100, 21 domande con errore)
[2026-09-27 00:48:14] nyc_bm25_llama_agentic#stage2: inviato come 505946f59e554f25979d3a93abd3b2ee (281 domande)
[2026-09-27 00:48:14] in corso: nyc_bm25_gptoss_agentic#stage1, nyc_bm25_llama_agentic#stage2, nyc_hybrid_gptoss_agentic#stage1, nyc_rrf_gptoss_agentic#stage1, uk_bm25_gptoss_agentic#stage1, uk_dense_gptoss_agentic#stage1, uk_hybrid_gptoss_agentic#stage1, uk_rrf_gptoss_agentic#stage1; in coda: 15; completati: 9
[2026-09-27 02:02:50] nyc_bm25_gptoss_agentic#stage1: completato (100/100, 22 domande con errore)
[2026-09-27 02:02:50] nyc_dense_llama_agentic#stage2: inviato come 2a7690396c834453937fd400e73311d5 (281 domande)
[2026-09-27 02:02:50] in corso: nyc_bm25_llama_agentic#stage2, nyc_dense_llama_agentic#stage2, nyc_hybrid_gptoss_agentic#stage1, nyc_rrf_gptoss_agentic#stage1, uk_bm25_gptoss_agentic#stage1, uk_dense_gptoss_agentic#stage1, uk_hybrid_gptoss_agentic#stage1, uk_rrf_gptoss_agentic#stage1; in coda: 14; completati: 10
[2026-09-27 02:21:22] nyc_hybrid_gptoss_agentic#stage1: completato (100/100, 21 domande con errore)
[2026-09-27 02:21:22] nyc_hybrid_llama_agentic#stage2: inviato come 994b4747442b407ea581fcc4e184dfd0 (281 domande)
[2026-09-27 02:21:22] in corso: nyc_bm25_llama_agentic#stage2, nyc_dense_llama_agentic#stage2, nyc_hybrid_llama_agentic#stage2, nyc_rrf_gptoss_agentic#stage1, uk_bm25_gptoss_agentic#stage1, uk_dense_gptoss_agentic#stage1, uk_hybrid_gptoss_agentic#stage1, uk_rrf_gptoss_agentic#stage1; in coda: 13; completati: 11
[2026-09-27 02:46:54] nyc_rrf_gptoss_agentic#stage1: completato (100/100, 17 domande con errore)
[2026-09-27 02:46:54] nyc_rrf_llama_agentic#stage2: inviato come 3a1e0f6a4a7c4bda98a9da6ea6923cb4 (281 domande)
[2026-09-27 02:46:54] in corso: nyc_bm25_llama_agentic#stage2, nyc_dense_llama_agentic#stage2, nyc_hybrid_llama_agentic#stage2, nyc_rrf_llama_agentic#stage2, uk_bm25_gptoss_agentic#stage1, uk_dense_gptoss_agentic#stage1, uk_hybrid_gptoss_agentic#stage1, uk_rrf_gptoss_agentic#stage1; in coda: 12; completati: 12
[2026-09-27 03:49:40] uk_bm25_gptoss_agentic#stage1: completato (100/100, 18 domande con errore)
[2026-09-27 03:49:40] uk_bm25_llama_agentic#stage2: inviato come cb813aa8f24543c58a1a68544065ac3e (314 domande)
[2026-09-27 03:49:40] in corso: nyc_bm25_llama_agentic#stage2, nyc_dense_llama_agentic#stage2, nyc_hybrid_llama_agentic#stage2, nyc_rrf_llama_agentic#stage2, uk_bm25_llama_agentic#stage2, uk_dense_gptoss_agentic#stage1, uk_hybrid_gptoss_agentic#stage1, uk_rrf_gptoss_agentic#stage1; in coda: 11; completati: 13
[2026-09-27 03:50:10] uk_dense_gptoss_agentic#stage1: completato (100/100, 15 domande con errore)
[2026-09-27 03:50:10] uk_dense_llama_agentic#stage2: inviato come 1d41b1f78f444eed823b26c6ff0ae646 (314 domande)
[2026-09-27 03:50:10] in corso: nyc_bm25_llama_agentic#stage2, nyc_dense_llama_agentic#stage2, nyc_hybrid_llama_agentic#stage2, nyc_rrf_llama_agentic#stage2, uk_bm25_llama_agentic#stage2, uk_dense_llama_agentic#stage2, uk_hybrid_gptoss_agentic#stage1, uk_rrf_gptoss_agentic#stage1; in coda: 10; completati: 14
[2026-09-27 03:56:40] uk_hybrid_gptoss_agentic#stage1: completato (100/100, 13 domande con errore)
[2026-09-27 03:56:41] uk_hybrid_llama_agentic#stage2: inviato come 07fae203a18442c79113cd8b81f3d1a5 (314 domande)
[2026-09-27 03:56:41] in corso: nyc_bm25_llama_agentic#stage2, nyc_dense_llama_agentic#stage2, nyc_hybrid_llama_agentic#stage2, nyc_rrf_llama_agentic#stage2, uk_bm25_llama_agentic#stage2, uk_dense_llama_agentic#stage2, uk_hybrid_llama_agentic#stage2, uk_rrf_gptoss_agentic#stage1; in coda: 9; completati: 15
[2026-09-27 04:01:41] uk_rrf_gptoss_agentic#stage1: completato (100/100, 12 domande con errore)
[2026-09-27 04:01:41] uk_rrf_llama_agentic#stage2: inviato come 624bc7c16f074a459fd5581d5c4f52ae (314 domande)
[2026-09-27 04:01:41] in corso: nyc_bm25_llama_agentic#stage2, nyc_dense_llama_agentic#stage2, nyc_hybrid_llama_agentic#stage2, nyc_rrf_llama_agentic#stage2, uk_bm25_llama_agentic#stage2, uk_dense_llama_agentic#stage2, uk_hybrid_llama_agentic#stage2, uk_rrf_llama_agentic#stage2; in coda: 8; completati: 16
[2026-09-27 18:02:40] nyc_bm25_llama_agentic#stage2: completato (281/281, 104 domande con errore)
[2026-09-27 18:02:40] nyc_bm25_gptoss_agentic#stage2: inviato come 18ab8a7f926049d181b04c1ee6612773 (281 domande)
[2026-09-27 18:02:40] in corso: nyc_bm25_gptoss_agentic#stage2, nyc_dense_llama_agentic#stage2, nyc_hybrid_llama_agentic#stage2, nyc_rrf_llama_agentic#stage2, uk_bm25_llama_agentic#stage2, uk_dense_llama_agentic#stage2, uk_hybrid_llama_agentic#stage2, uk_rrf_llama_agentic#stage2; in coda: 7; completati: 17
[2026-09-27 22:09:21] nyc_dense_llama_agentic#stage2: completato (281/281, 54 domande con errore)
[2026-09-27 22:09:21] nyc_dense_gptoss_agentic#stage2: inviato come 6cbbb20f7fad400184cdd33dda082791 (281 domande)
[2026-09-27 22:09:21] in corso: nyc_bm25_gptoss_agentic#stage2, nyc_dense_gptoss_agentic#stage2, nyc_hybrid_llama_agentic#stage2, nyc_rrf_llama_agentic#stage2, uk_bm25_llama_agentic#stage2, uk_dense_llama_agentic#stage2, uk_hybrid_llama_agentic#stage2, uk_rrf_llama_agentic#stage2; in coda: 6; completati: 18
[2026-09-28 00:26:01] nyc_hybrid_llama_agentic#stage2: completato (281/281, 58 domande con errore)
[2026-09-28 00:26:01] nyc_hybrid_gptoss_agentic#stage2: inviato come fd5ec86ab7004db8828baf16d96030e6 (281 domande)
[2026-09-28 00:26:01] in corso: nyc_bm25_gptoss_agentic#stage2, nyc_dense_gptoss_agentic#stage2, nyc_hybrid_gptoss_agentic#stage2, nyc_rrf_llama_agentic#stage2, uk_bm25_llama_agentic#stage2, uk_dense_llama_agentic#stage2, uk_hybrid_llama_agentic#stage2, uk_rrf_llama_agentic#stage2; in coda: 5; completati: 19
[2026-09-28 01:21:36] nyc_rrf_llama_agentic#stage2: completato (281/281, 62 domande con errore)
[2026-09-28 01:21:36] nyc_rrf_gptoss_agentic#stage2: inviato come a213cdb1d26244cd939e6d0af3590a48 (281 domande)
[2026-09-28 01:21:36] in corso: nyc_bm25_gptoss_agentic#stage2, nyc_dense_gptoss_agentic#stage2, nyc_hybrid_gptoss_agentic#stage2, nyc_rrf_gptoss_agentic#stage2, uk_bm25_llama_agentic#stage2, uk_dense_llama_agentic#stage2, uk_hybrid_llama_agentic#stage2, uk_rrf_llama_agentic#stage2; in coda: 4; completati: 20
[2026-09-28 02:36:41] uk_bm25_llama_agentic#stage2: completato (314/314, 105 domande con errore)
[2026-09-28 02:36:41] uk_bm25_gptoss_agentic#stage2: inviato come c92d4ca3f5674a70a0672360435d1bb6 (314 domande)
[2026-09-28 02:36:41] in corso: nyc_bm25_gptoss_agentic#stage2, nyc_dense_gptoss_agentic#stage2, nyc_hybrid_gptoss_agentic#stage2, nyc_rrf_gptoss_agentic#stage2, uk_bm25_gptoss_agentic#stage2, uk_dense_llama_agentic#stage2, uk_hybrid_llama_agentic#stage2, uk_rrf_llama_agentic#stage2; in coda: 3; completati: 21
[2026-09-28 04:27:18] uk_hybrid_llama_agentic#stage2: completato (314/314, 94 domande con errore)
[2026-09-28 04:27:18] uk_dense_gptoss_agentic#stage2: inviato come c53a3c62da4541b099e72149df96435f (314 domande)
[2026-09-28 04:27:18] in corso: nyc_bm25_gptoss_agentic#stage2, nyc_dense_gptoss_agentic#stage2, nyc_hybrid_gptoss_agentic#stage2, nyc_rrf_gptoss_agentic#stage2, uk_bm25_gptoss_agentic#stage2, uk_dense_gptoss_agentic#stage2, uk_dense_llama_agentic#stage2, uk_rrf_llama_agentic#stage2; in coda: 2; completati: 22
[2026-09-28 04:33:18] uk_rrf_llama_agentic#stage2: completato (314/314, 95 domande con errore)
[2026-09-28 04:33:18] uk_hybrid_gptoss_agentic#stage2: inviato come d523750daaad45a98bb8bebf37d2d478 (314 domande)
[2026-09-28 04:33:18] in corso: nyc_bm25_gptoss_agentic#stage2, nyc_dense_gptoss_agentic#stage2, nyc_hybrid_gptoss_agentic#stage2, nyc_rrf_gptoss_agentic#stage2, uk_bm25_gptoss_agentic#stage2, uk_dense_gptoss_agentic#stage2, uk_dense_llama_agentic#stage2, uk_hybrid_gptoss_agentic#stage2; in coda: 1; completati: 23
[2026-09-28 06:25:29] uk_dense_llama_agentic#stage2: completato (314/314, 80 domande con errore)
[2026-09-28 06:25:29] uk_rrf_gptoss_agentic#stage2: inviato come 32103565f8304e9ab593fa7b2dc5c409 (314 domande)
[2026-09-28 06:25:29] in corso: nyc_bm25_gptoss_agentic#stage2, nyc_dense_gptoss_agentic#stage2, nyc_hybrid_gptoss_agentic#stage2, nyc_rrf_gptoss_agentic#stage2, uk_bm25_gptoss_agentic#stage2, uk_dense_gptoss_agentic#stage2, uk_hybrid_gptoss_agentic#stage2, uk_rrf_gptoss_agentic#stage2; in coda: 0; completati: 24
